---
source: crates/app/wf-cli/tests/tui_snapshot.rs
expression: output
---
┌──────────────────────────────────────────────────────────┐
│ Header                                                   │
└──────────────────────────────────────────────────────────┘
┌──────────────────────────────────────────────────────────┐
│  Content area                                            │
│  With multiple lines                                     │
│                                                          │
│                                                          │
│                                                          │
└──────────────────────────────────────────────────────────┘
