---
source: crates/app/wf-cli/tests/tui_snapshot.rs
expression: output
---
┌Current Key───────────────────────────┐
│  Key: Enter                          │
│  Action: Submit                      │
│                                      │
│                                      │
└──────────────────────────────────────┘
